[    0.000000] Initializing cgroup subsys cpuset
[    0.000000] Initializing cgroup subsys cpu
[    0.000000] Initializing cgroup subsys cpuacct
[    0.000000] Linux version 4.4.0-157-generic (buildd@lgw01-amd64-037) (gcc version 5.4.0 20160609 (Ubuntu 5.4.0-6ubuntu1~16.04.10) ) #185-Ubuntu SMP Tue Jul 23 09:17:01 UTC 2019 (Ubuntu 4.4.0-157.185-generic 4.4.181)
[    0.000000] Command line: BOOT_IMAGE=/boot/vmlinuz-4.4.0-157-generic root=LABEL=cloudimg-rootfs ro console=tty1 console=ttyS0
[    0.000000] KERNEL supported cpus:
[    0.000000]   Intel GenuineIntel
[    0.000000]   AMD AuthenticAMD
[    0.000000]   Centaur CentaurHauls
[    0.000000] x86/fpu: xstate_offset[2]:  576, xstate_sizes[2]:  256
[    0.000000] x86/fpu: Supporting XSAVE feature 0x01: 'x87 floating point registers'
[    0.000000] x86/fpu: Supporting XSAVE feature 0x02: 'SSE registers'
[    0.000000] x86/fpu: Supporting XSAVE feature 0x04: 'AVX registers'
[    0.000000] x86/fpu: Enabled xstate features 0x7, context size is 832 bytes, using 'standard' format.
[    0.000000] e820: BIOS-provided physical RAM map:
[    0.000000] BIOS-e820: [mem 0x0000000000000000-0x000000000009fbff] usable
[    0.000000] BIOS-e820: [mem 0x000000000009fc00-0x000000000009ffff] reserved
[    0.000000] BIOS-e820: [mem 0x00000000000f0000-0x00000000000fffff] reserved
[    0.000000] BIOS-e820: [mem 0x0000000000100000-0x000000003ffeffff] usable
[    0.000000] BIOS-e820: [mem 0x000000003fff0000-0x000000003fffffff] ACPI data
[    0.000000] BIOS-e820: [mem 0x00000000fec00000-0x00000000fec00fff] reserved
[    0.000000] BIOS-e820: [mem 0x00000000fee00000-0x00000000fee00fff] reserved
[    0.000000] BIOS-e820: [mem 0x00000000fffc0000-0x00000000ffffffff] reserved
[    0.000000] NX (Execute Disable) protection: active
[    0.000000] SMBIOS 2.5 present.
[    0.000000] Hypervisor detected: KVM
[    0.000000] e820: last_pfn = 0x3fff0 max_arch_pfn = 0x400000000
[    0.000000] MTRR: Disabled
[    0.000000] x86/PAT: MTRRs disabled, skipping PAT initialization too.
[    0.000000] CPU MTRRs all blank - virtualized system.
[    0.000000] x86/PAT: Configuration [0-7]: WB  WT  UC- UC  WB  WT  UC- UC  
[    0.000000] found SMP MP-table at [mem 0x0009fff0-0x0009ffff] mapped at [ffff88000009fff0]
[    0.000000] Scanning 1 areas for low memory corruption
[    0.000000] RAMDISK: [mem 0x362fc000-0x37175fff]
[    0.000000] ACPI: Early table checksum verification disabled
[    0.000000] ACPI: RSDP 0x00000000000E0000 000024 (v02 VBOX  )
[    0.000000] ACPI: XSDT 0x000000003FFF0030 00003C (v01 VBOX   VBOXXSDT 00000001 ASL  00000061)
[    0.000000] ACPI: FACP 0x000000003FFF00F0 0000F4 (v04 VBOX   VBOXFACP 00000001 ASL  00000061)
[    0.000000] ACPI: DSDT 0x000000003FFF0470 0022EA (v02 VBOX   VBOXBIOS 00000002 INTL 20100528)
[    0.000000] ACPI: FACS 0x000000003FFF0200 000040
[    0.000000] ACPI: FACS 0x000000003FFF0200 000040
[    0.000000] ACPI: APIC 0x000000003FFF0240 00005C (v02 VBOX   VBOXAPIC 00000001 ASL  00000061)
[    0.000000] ACPI: SSDT 0x000000003FFF02A0 0001CC (v01 VBOX   VBOXCPUT 00000002 INTL 20100528)
[    0.000000] No NUMA configuration found
[    0.000000] Faking a node at [mem 0x0000000000000000-0x000000003ffeffff]
[    0.000000] NODE_DATA(0) allocated [mem 0x3ffeb000-0x3ffeffff]
[    0.000000] kvm-clock: Using msrs 4b564d01 and 4b564d00
[    0.000000] kvm-clock: cpu 0, msr 0:3ffe3001, primary cpu clock
[    0.000000] kvm-clock: using sched offset of 3683918764 cycles
[    0.000000] clocksource: kvm-clock: mask: 0xffffffffffffffff max_cycles: 0x1cd42e4dffb, max_idle_ns: 881590591483 ns
[    0.000000] Zone ranges:
[    0.000000]   DMA      [mem 0x0000000000001000-0x0000000000ffffff]
[    0.000000]   DMA32    [mem 0x0000000001000000-0x000000003ffeffff]
[    0.000000]   Normal   empty
[    0.000000]   Device   empty
[    0.000000] Movable zone start for each node
[    0.000000] Early memory node ranges
[    0.000000]   node   0: [mem 0x0000000000001000-0x000000000009efff]
[    0.000000]   node   0: [mem 0x0000000000100000-0x000000003ffeffff]
[    0.000000] Initmem setup node 0 [mem 0x0000000000001000-0x000000003ffeffff]
[    0.000000] ACPI: PM-Timer IO Port: 0x4008
[    0.000000] IOAPIC[0]: apic_id 2, version 32, address 0xfec00000, GSI 0-23
[    0.000000] ACPI: INT_SRC_OVR (bus 0 bus_irq 0 global_irq 2 dfl dfl)
[    0.000000] ACPI: INT_SRC_OVR (bus 0 bus_irq 9 global_irq 9 low level)
[    0.000000] Using ACPI (MADT) for SMP configuration information
[    0.000000] smpboot: Allowing 2 CPUs, 0 hotplug CPUs
[    0.000000] PM: Registered nosave memory: [mem 0x00000000-0x00000fff]
[    0.000000] PM: Registered nosave memory: [mem 0x0009f000-0x0009ffff]
[    0.000000] PM: Registered nosave memory: [mem 0x000a0000-0x000effff]
[    0.000000] PM: Registered nosave memory: [mem 0x000f0000-0x000fffff]
[    0.000000] e820: [mem 0x40000000-0xfebfffff] available for PCI devices
[    0.000000] Booting paravirtualized kernel on KVM
[    0.000000] clocksource: refined-jiffies: mask: 0xffffffff max_cycles: 0xffffffff, max_idle_ns: 7645519600211568 ns
[    0.000000] setup_percpu: NR_CPUS:512 nr_cpumask_bits:512 nr_cpu_ids:2 nr_node_ids:1
[    0.000000] PERCPU: Embedded 34 pages/cpu @ffff88003fc00000 s99544 r8192 d31528 u1048576
[    0.000000] Built 1 zonelists in Node order, mobility grouping on.  Total pages: 257912
[    0.000000] Policy zone: DMA32
[    0.000000] Kernel command line: BOOT_IMAGE=/boot/vmlinuz-4.4.0-157-generic root=LABEL=cloudimg-rootfs ro console=tty1 console=ttyS0
[    0.000000] PID hash table entries: 4096 (order: 3, 32768 bytes)
[    0.000000] Memory: 997736K/1048120K available (8618K kernel code, 1335K rwdata, 4032K rodata, 1484K init, 1284K bss, 50384K reserved, 0K cma-reserved)
[    0.000000] SLUB: HWalign=64, Order=0-3, MinObjects=0, CPUs=2, Nodes=1
[    0.000000] Kernel/User page tables isolation: enabled
[    0.000000] Hierarchical RCU implementation.
[    0.000000] 	Build-time adjustment of leaf fanout to 64.
[    0.000000] 	RCU restricting CPUs from NR_CPUS=512 to nr_cpu_ids=2.
[    0.000000] RCU: Adjusting geometry for rcu_fanout_leaf=64, nr_cpu_ids=2
[    0.000000] NR_IRQS:33024 nr_irqs:440 16
[    0.000000] Console: colour VGA+ 80x25
[    0.000000] console [tty1] enabled
[    0.000000] console [ttyS0] enabled
[    0.000000] tsc: Detected 2904.004 MHz processor
[    0.179832] Calibrating delay loop (skipped) preset value.. 5808.00 BogoMIPS (lpj=11616016)
[    0.182075] pid_max: default: 32768 minimum: 301
[    0.183261] ACPI: Core revision 20150930
[    0.186176] ACPI: 2 ACPI AML tables successfully acquired and loaded
[    0.187842] Security Framework initialized
[    0.188845] Yama: becoming mindful.
[    0.190054] AppArmor: AppArmor initialized
[    0.191154] Dentry cache hash table entries: 131072 (order: 8, 1048576 bytes)
[    0.195686] Inode-cache hash table entries: 65536 (order: 7, 524288 bytes)
[    0.197266] Mount-cache hash table entries: 2048 (order: 2, 16384 bytes)
[    0.198760] Mountpoint-cache hash table entries: 2048 (order: 2, 16384 bytes)
[    0.200515] Initializing cgroup subsys io
[    0.201519] Initializing cgroup subsys memory
[    0.202590] Initializing cgroup subsys devices
[    0.203681] Initializing cgroup subsys freezer
[    0.204761] Initializing cgroup subsys net_cls
[    0.205861] Initializing cgroup subsys perf_event
[    0.207093] Initializing cgroup subsys net_prio
[    0.208207] Initializing cgroup subsys hugetlb
[    0.209285] Initializing cgroup subsys pids
[    0.211955] mce: CPU supports 0 MCE banks
[    0.213049] Last level iTLB entries: 4KB 64, 2MB 8, 4MB 8
[    0.214271] Last level dTLB entries: 4KB 64, 2MB 0, 4MB 0, 1GB 4
[    0.215679] Spectre V2 : Mitigation: Full generic retpoline
[    0.216991] Spectre V2 : Spectre v2 / SpectreRSB mitigation: Filling RSB on context switch
[    0.218956] Speculative Store Bypass: Vulnerable
[    0.220148] MDS: Vulnerable: Clear CPU buffers attempted, no microcode
[    0.224788] Freeing SMP alternatives memory: 36K
[    0.233001] ftrace: allocating 32312 entries in 127 pages
[    0.300154] smpboot: APIC(0) Converting physical 0 to logical package 0
[    0.301672] smpboot: Max logical packages: 1
[    0.303067] x2apic enabled
[    0.304199] Switched APIC routing to physical x2apic.
[    0.306819] ..TIMER: vector=0x30 apic1=0 pin1=2 apic2=-1 pin2=-1
[    0.415258] smpboot: CPU0: Intel(R) Core(TM) i7-7500U CPU @ 2.70GHz (family: 0x6, model: 0x8e, stepping: 0x9)
[    0.417826] Performance Events: unsupported p6 CPU model 142 no PMU driver, software events only.
[    0.431039] KVM setup paravirtual spinlock
[    0.432883] x86: Booting SMP configuration:
[    0.433958] .... node  #0, CPUs:      #1
[    0.435173] kvm-clock: cpu 1, msr 0:3ffe3041, secondary cpu clock
[    0.437916] mce: CPU supports 0 MCE banks
[    0.440619] x86: Booted up 1 node, 2 CPUs
[    0.441938] smpboot: Total of 2 processors activated (11616.01 BogoMIPS)
[    0.444166] devtmpfs: initialized
[    0.446823] evm: security.selinux
[    0.447843] evm: security.SMACK64
[    0.448757] evm: security.SMACK64EXEC
[    0.449735] evm: security.SMACK64TRANSMUTE
[    0.450797] evm: security.SMACK64MMAP
[    0.451775] evm: security.ima
[    0.452648] evm: security.capability
[    0.453857] clocksource: jiffies: mask: 0xffffffff max_cycles: 0xffffffff, max_idle_ns: 7645041785100000 ns
[    0.456103] futex hash table entries: 512 (order: 3, 32768 bytes)
[    0.457666] pinctrl core: initialized pinctrl subsystem
[    0.459014] RTC time: 10:20:04, date: 08/19/19
[    0.460404] NET: Registered protocol family 16
[    0.472277] cpuidle: using governor ladder
[    0.483392] cpuidle: using governor menu
[    0.484647] PCCT header not found.
[    0.485718] ACPI: bus type PCI registered
[    0.486770] acpiphp: ACPI Hot Plug PCI Controller Driver version: 0.5
[    0.488437] PCI: Using configuration type 1 for base access
[    0.501004] ACPI: Added _OSI(Module Device)
[    0.502120] ACPI: Added _OSI(Processor Device)
[    0.503327] ACPI: Added _OSI(3.0 _SCP Extensions)
[    0.504495] ACPI: Added _OSI(Processor Aggregator Device)
[    0.506374] ACPI: Executed 1 blocks of module-level executable AML code
[    0.510287] ACPI: Interpreter enabled
[    0.511312] ACPI: (supports S0 S5)
[    0.512271] ACPI: Using IOAPIC for interrupt routing
[    0.513566] PCI: Using host bridge windows from ACPI; if necessary, use "pci=nocrs" and report a bug
[    0.519477] ACPI: PCI Root Bridge [PCI0] (domain 0000 [bus 00-ff])
[    0.520949] acpi PNP0A03:00: _OSC: OS supports [ASPM ClockPM Segments MSI]
[    0.522867] acpi PNP0A03:00: _OSC: not requesting OS control; OS requires [ExtendedConfig ASPM ClockPM MSI]
[    0.525125] acpi PNP0A03:00: fail to add MMCONFIG information, can't access extended PCI configuration space under this bridge.
[    0.527912] PCI host bridge to bus 0000:00
[    0.528993] pci_bus 0000:00: root bus resource [io  0x0000-0x0cf7 window]
[    0.530425] pci_bus 0000:00: root bus resource [io  0x0d00-0xffff window]
[    0.531934] pci_bus 0000:00: root bus resource [mem 0x000a0000-0x000bffff window]
[    0.533804] pci_bus 0000:00: root bus resource [mem 0x40000000-0xfdffffff window]
[    0.535633] pci_bus 0000:00: root bus resource [bus 00-ff]
[    0.538834] pci 0000:00:01.1: legacy IDE quirk: reg 0x10: [io  0x01f0-0x01f7]
[    0.540444] pci 0000:00:01.1: legacy IDE quirk: reg 0x14: [io  0x03f6]
[    0.541889] pci 0000:00:01.1: legacy IDE quirk: reg 0x18: [io  0x0170-0x0177]
[    0.543482] pci 0000:00:01.1: legacy IDE quirk: reg 0x1c: [io  0x0376]
[    0.564114] pci 0000:00:07.0: quirk: [io  0x4000-0x403f] claimed by PIIX4 ACPI
[    0.578996] pci 0000:00:07.0: quirk: [io  0x4100-0x410f] claimed by PIIX4 SMB
[    0.594098] ACPI: PCI Interrupt Link [LNKA] (IRQs 5 9 10 *11)
[    0.596200] ACPI: PCI Interrupt Link [LNKB] (IRQs 5 9 *10 11)
[    0.598075] ACPI: PCI Interrupt Link [LNKC] (IRQs 5 *9 10 11)
[    0.599952] ACPI: PCI Interrupt Link [LNKD] (IRQs 5 9 10 *11)
[    0.601872] ACPI: Enabled 2 GPEs in block 00 to 07
[    0.603536] vgaarb: setting as boot device: PCI:0000:00:02.0
[    0.604790] vgaarb: device added: PCI:0000:00:02.0,decodes=io+mem,owns=io+mem,locks=none
[    0.606810] vgaarb: loaded
[    0.607585] vgaarb: bridge control possible 0000:00:02.0
[    0.609076] SCSI subsystem initialized
[    0.610155] ACPI: bus type USB registered
[    0.611283] usbcore: registered new interface driver usbfs
[    0.612619] usbcore: registered new interface driver hub
[    0.613892] usbcore: registered new device driver usb
[    0.615495] PCI: Using ACPI for IRQ routing
[    0.616808] NetLabel: Initializing
[    0.617698] NetLabel:  domain hash size = 128
[    0.618809] NetLabel:  protocols = UNLABELED CIPSOv4
[    0.622591] NetLabel:  unlabeled traffic allowed by default
[    0.624116] amd_nb: Cannot enumerate AMD northbridges
[    0.625381] clocksource: Switched to clocksource kvm-clock
[    0.637925] AppArmor: AppArmor Filesystem Enabled
[    0.639213] pnp: PnP ACPI init
[    0.640913] pnp: PnP ACPI: found 3 devices
[    0.651731] clocksource: acpi_pm: mask: 0xffffff max_cycles: 0xffffff, max_idle_ns: 2085701024 ns
[    0.653981] NET: Registered protocol family 2
[    0.655273] TCP established hash table entries: 8192 (order: 4, 65536 bytes)
[    0.661028] TCP bind hash table entries: 8192 (order: 5, 131072 bytes)
[    0.662559] TCP: Hash tables configured (established 8192 bind 8192)
[    0.663904] UDP hash table entries: 512 (order: 2, 16384 bytes)
[    0.665157] UDP-Lite hash table entries: 512 (order: 2, 16384 bytes)
[    0.666535] NET: Registered protocol family 1
[    0.667559] pci 0000:00:00.0: Limiting direct PCI/PCI transfers
[    0.668810] pci 0000:00:01.0: Activating ISA DMA hang workarounds
[    0.670244] Unpacking initramfs...
[    0.927503] Freeing initrd memory: 14824K
[    0.928998] clocksource: tsc: mask: 0xffffffffffffffff max_cycles: 0x29dc09beef1, max_idle_ns: 440795310252 ns
[    0.932185] platform rtc_cmos: registered platform RTC device (no PNP device found)
[    0.934560] Scanning for low memory corruption every 60 seconds
[    0.936713] audit: initializing netlink subsys (disabled)
[    0.938837] audit: type=2000 audit(1566210009.152:1): initialized
[    0.940754] Initialise system trusted keyring
[    0.942523] HugeTLB registered 2 MB page size, pre-allocated 0 pages
[    0.945997] zbud: loaded
[    0.947514] VFS: Disk quotas dquot_6.6.0
[    0.948534] VFS: Dquot-cache hash table entries: 512 (order 0, 4096 bytes)
[    0.950899] squashfs: version 4.0 (2009/01/31) Phillip Lougher
[    0.953234] fuse init (API version 7.23)
[    0.954666] Key type big_key registered
[    0.955917] Allocating IMA MOK and blacklist keyrings.
[    0.958922] Key type asymmetric registered
[    0.960229] Asymmetric key parser 'x509' registered
[    0.961513] Block layer SCSI generic (bsg) driver version 0.4 loaded (major 249)
[    0.963721] io scheduler noop registered
[    0.964830] io scheduler deadline registered (default)
[    0.966159] io scheduler cfq registered
[    0.967289] pci_hotplug: PCI Hot Plug PCI Core version: 0.5
[    0.968613] pciehp: PCI Express Hot Plug Controller Driver version: 0.4
[    0.970402] ACPI: AC Adapter [AC] (on-line)
[    0.971878] input: Power Button as /devices/LNXSYSTM:00/LNXPWRBN:00/input/input0
[    0.973836] ACPI: Power Button [PWRF]
[    0.975129] input: Sleep Button as /devices/LNXSYSTM:00/LNXSLPBN:00/input/input1
[    0.977047] ACPI: Sleep Button [SLPF]
[    0.979038] ACPI: Battery Slot [BAT0] (battery present)
[    0.980430] GHES: HEST is not enabled!
[    0.981869] Serial: 8250/16550 driver, 32 ports, IRQ sharing enabled
[    1.004526] 00:02: ttyS0 at I/O 0x3f8 (irq = 4, base_baud = 115200) is a 16550A
[    1.007385] Linux agpgart interface v0.103
[    1.010071] loop: module loaded
[    1.011578] scsi host0: ata_piix
[    1.012632] scsi host1: ata_piix
[    1.013502] ata1: PATA max UDMA/33 cmd 0x1f0 ctl 0x3f6 bmdma 0xd000 irq 14
[    1.014951] ata2: PATA max UDMA/33 cmd 0x170 ctl 0x376 bmdma 0xd008 irq 15
[    1.016984] libphy: Fixed MDIO Bus: probed
[    1.017993] tun: Universal TUN/TAP device driver, 1.6
[    1.019096] tun: (C) 1999-2004 Max Krasnyansky <maxk@qualcomm.com>
[    1.020460] PPP generic driver version 2.4.2
[    1.021504] ehci_hcd: USB 2.0 'Enhanced' Host Controller (EHCI) Driver
[    1.023002] ehci-pci: EHCI PCI platform driver
[    1.024042] ehci-platform: EHCI generic platform driver
[    1.025183] ohci_hcd: USB 1.1 'Open' Host Controller (OHCI) Driver
[    1.026562] ohci-pci: OHCI PCI platform driver
[    1.027592] ohci-platform: OHCI generic platform driver
[    1.028763] uhci_hcd: USB Universal Host Controller Interface driver
[    1.030175] i8042: PNP: PS/2 Controller [PNP0303:PS2K,PNP0f03:PS2M] at 0x60,0x64 irq 1,12
[    1.032560] serio: i8042 KBD port at 0x60,0x64 irq 1
[    1.033738] serio: i8042 AUX port at 0x60,0x64 irq 12
[    1.034972] mousedev: PS/2 mouse device common for all mice
[    1.036680] rtc_cmos rtc_cmos: rtc core: registered rtc_cmos as rtc0
[    1.038142] input: AT Translated Set 2 keyboard as /devices/platform/i8042/serio0/input/input2
[    1.040235] rtc_cmos rtc_cmos: alarms up to one day, 114 bytes nvram
[    1.041591] i2c /dev entries driver
[    1.042503] device-mapper: uevent: version 1.0.3
[    1.043656] device-mapper: ioctl: 4.34.0-ioctl (2015-10-28) initialised: dm-devel@redhat.com
[    1.045679] ledtrig-cpu: registered to indicate activity on CPUs
[    1.047360] NET: Registered protocol family 10
[    1.048659] NET: Registered protocol family 17
[    1.049707] Key type dns_resolver registered
[    1.050933] registered taskstats version 1
[    1.051911] Loading compiled-in X.509 certificates
[    1.053461] Loaded X.509 cert 'Build time autogenerated kernel key: 3e01e6df98386236d59670e6b2ed19a044d5324e'
[    1.055826] zswap: loaded using pool lzo/zbud
[    1.059405] Key type trusted registered
[    1.064867] Key type encrypted registered
[    1.065909] AppArmor: AppArmor sha1 policy hashing enabled
[    1.067129] ima: No TPM chip found, activating TPM-bypass!
[    1.068388] ima: Allocated hash algorithm: sha1
[    1.069465] evm: HMAC attrs: 0x1
[    1.070872]   Magic number: 15:769:325
[    1.071976] rtc_cmos rtc_cmos: setting system clock to 2019-08-19 10:20:04 UTC (1566210004)
[    1.074236] BIOS EDD facility v0.16 2004-Jun-25, 0 devices found
[    1.075537] EDD information not available.
[    1.173327] Freeing unused kernel memory: 1484K
[    1.177659] Write protecting the kernel read-only data: 14336k
[    1.185151] Freeing unused kernel memory: 1612K
[    1.190693] Freeing unused kernel memory: 64K
Loading, please wait...
starting version 229
[    1.244954] random: systemd-udevd: uninitialized urandom read (16 bytes read, 3 bits of entropy available)
[    1.246929] random: udevadm: uninitialized urandom read (16 bytes read, 3 bits of entropy available)
[    1.246990] random: udevadm: uninitialized urandom read (16 bytes read, 3 bits of entropy available)
[    1.257535] random: systemd-udevd: uninitialized urandom read (16 bytes read, 3 bits of entropy available)
[    1.261829] random: systemd-udevd: uninitialized urandom read (16 bytes read, 3 bits of entropy available)
[    1.266132] random: systemd-udevd: uninitialized urandom read (16 bytes read, 3 bits of entropy available)
[    1.268231] random: udevadm: uninitialized urandom read (16 bytes read, 3 bits of entropy available)
[    1.268324] random: udevadm: uninitialized urandom read (16 bytes read, 3 bits of entropy available)
[    1.268698] random: udevadm: uninitialized urandom read (16 bytes read, 3 bits of entropy available)
[    1.268821] random: udevadm: uninitialized urandom read (16 bytes read, 3 bits of entropy available)
[    1.313676] e1000: Intel(R) PRO/1000 Network Driver - version 7.3.21-k8-NAPI
[    1.315153] e1000: Copyright (c) 1999-2006 Intel Corporation.
[    1.316502] Fusion MPT base driver 3.04.20
[    1.317971] Copyright (c) 1999-2008 LSI Corporation
[    1.322988] Fusion MPT SPI Host driver 3.04.20
[    1.341296] AVX2 version of gcm_enc/dec engaged.
[    1.343003] AES CTR mode by8 optimization enabled
[    1.529634] input: ImExPS/2 Generic Explorer Mouse as /devices/platform/i8042/serio1/input/input4
[    1.695086] e1000 0000:00:03.0 eth0: (PCI:33MHz:32-bit) 02:c2:66:bb:16:6d
[    1.696610] e1000 0000:00:03.0 eth0: Intel(R) PRO/1000 Network Connection
[    1.699023] mptbase: ioc0: Initiating bringup
[    1.762968] ioc0: LSI53C1030 A0: Capabilities={Initiator}
[    1.927097] scsi host2: ioc0: LSI53C1030 A0, FwRev=00000000h, Ports=1, MaxQ=256, IRQ=20
[    2.042553] scsi 2:0:0:0: Direct-Access     VBOX     HARDDISK         1.0  PQ: 0 ANSI: 5
[    2.050951] scsi target2:0:0: Beginning Domain Validation
[    2.057604] scsi target2:0:0: Domain Validation skipping write tests
[    2.061808] scsi target2:0:0: Ending Domain Validation
[    2.065582] scsi target2:0:0: asynchronous
[    2.069610] scsi 2:0:1:0: Direct-Access     VBOX     HARDDISK         1.0  PQ: 0 ANSI: 5
[    2.075431] scsi target2:0:1: Beginning Domain Validation
[    2.081263] scsi target2:0:1: Domain Validation skipping write tests
[    2.083725] scsi target2:0:1: Ending Domain Validation
[    2.085534] scsi target2:0:1: asynchronous
[    2.102397] sd 2:0:0:0: Attached scsi generic sg0 type 0
[    2.104561] sd 2:0:0:0: [sda] 20971520 512-byte logical blocks: (10.7 GB/10.0 GiB)
[    2.123767] sd 2:0:1:0: [sdb] 20480 512-byte logical blocks: (10.5 MB/10.0 MiB)
[    2.126574] sd 2:0:1:0: Attached scsi generic sg1 type 0
[    2.128545] sd 2:0:1:0: [sdb] Write Protect is off
[    2.130023] sd 2:0:1:0: [sdb] Incomplete mode parameter data
[    2.132005] sd 2:0:1:0: [sdb] Assuming drive cache: write through
[    2.134175] sd 2:0:0:0: [sda] Write Protect is off
[    2.136324] sd 2:0:0:0: [sda] Incomplete mode parameter data
[    2.138297] sd 2:0:0:0: [sda] Assuming drive cache: write through
[    2.142954]  sda: sda1
[    2.145015] sd 2:0:1:0: [sdb] Attached SCSI disk
[    2.146849] sd 2:0:0:0: [sda] Attached SCSI disk
[    2.438964] e1000 0000:00:08.0 eth1: (PCI:33MHz:32-bit) 08:00:27:a5:6d:c7
[    2.440751] e1000 0000:00:08.0 eth1: Intel(R) PRO/1000 Network Connection
[    2.445369] e1000 0000:00:03.0 enp0s3: renamed from eth0
[    2.457817] e1000 0000:00:08.0 enp0s8: renamed from eth1
Begin: Loading essential drivers ... [    3.957317] md: linear personality registered for level -1
[    3.960855] md: multipath personality registered for level -4
[    3.964560] md: raid0 personality registered for level 0
[    3.969564] md: raid1 personality registered for level 1
[    4.041707] raid6: sse2x1   gen() 10926 MB/s
[    4.109603] raid6: sse2x1   xor()  7505 MB/s
[    4.177583] raid6: sse2x2   gen()  9832 MB/s
[    4.245540] raid6: sse2x2   xor()  7214 MB/s
[    4.313460] raid6: sse2x4   gen() 14683 MB/s
[    4.381414] raid6: sse2x4   xor()  8451 MB/s
[    4.449850] raid6: avx2x1   gen() 21547 MB/s
[    4.517850] raid6: avx2x2   gen() 22320 MB/s
[    4.585793] raid6: avx2x4   gen() 27226 MB/s
[    4.586843] raid6: using algorithm avx2x4 gen() 27226 MB/s
[    4.588094] raid6: using avx2x2 recovery algorithm
[    4.590670] xor: automatically using best checksumming function:
[    4.629644]    avx       : 24391.000 MB/sec
[    4.631919] async_tx: api initialized (async)
[    4.642903] md: raid6 personality registered for level 6
[    4.644121] md: raid5 personality registered for level 5
[    4.645346] md: raid4 personality registered for level 4
[    4.653266] md: raid10 personality registered for level 10
done.
Begin: Running /scripts/init-premount ... done.
Begin: Mounting root file system ... Begin: Running /scripts/local-top ... done.
Begin: Running /scripts/local-premount ... [    4.692813] Btrfs loaded
Scanning for Btrfs filesystems
done.
Warning: fsck not present, so skipping root file system
[    4.721826] EXT4-fs (sda1): mounted filesystem with ordered data mode. Opts: (null)
done.
Begin: Running /scripts/local-bottom ... done.
Begin: Running /scripts/init-bottom ... done.
[    4.816285] systemd[1]: systemd 229 running in system mode. (+PAM +AUDIT +SELINUX +IMA +APPARMOR +SMACK +SYSVINIT +UTMP +LIBCRYPTSETUP +GCRYPT +GNUTLS +ACL +XZ -LZ4 +SECCOMP +BLKID +ELFUTILS +KMOD -IDN)
[    4.820079] systemd[1]: Detected virtualization oracle.
[    4.821213] systemd[1]: Detected architecture x86-64.

Welcome to [1mUbuntu 16.04.6 LTS[0m!

[    4.825322] systemd[1]: Set hostname to <ubuntu>.
[    4.828518] systemd[1]: Initializing machine ID from random generator.
[    4.829930] systemd[1]: Installed transient /etc/machine-id file.
[    4.965199] systemd[1]: Created slice User and Session Slice.
[[0;32m  OK  [0m] Created slice User and Session Slice.
[    4.967425] systemd[1]: Listening on Journal Socket (/dev/log).
[[0;32m  OK  [0m] Listening on Journal Socket (/dev/log).
[    4.969671] systemd[1]: Listening on /dev/initctl Compatibility Named Pipe.
[[0;32m  OK  [0m] Listening on /dev/initctl Compatibility Named Pipe.
[    4.972036] systemd[1]: Listening on LVM2 metadata daemon socket.
[[0;32m  OK  [0m] Listening on LVM2 metadata daemon socket.
[    4.974567] systemd[1]: Started Trigger resolvconf update for networkd DNS.
[[0;32m  OK  [0m] Started Trigger resolvconf update for networkd DNS.
[    4.977261] systemd[1]: Listening on Journal Audit Socket.
[[0;32m  OK  [0m] Listening on Journal Audit Socket.
[    4.979620] systemd[1]: Listening on udev Kernel Socket.
[[0;32m  OK  [0m] Listening on udev Kernel Socket.
[    4.981924] systemd[1]: Listening on LVM2 poll daemon socket.
[[0;32m  OK  [0m] Listening on LVM2 poll daemon socket.
[    4.984316] systemd[1]: Listening on Syslog Socket.
[[0;32m  OK  [0m] Listening on Syslog Socket.
[    4.986328] systemd[1]: Reached target User and Group Name Lookups.
[[0;32m  OK  [0m] Reached target User and Group Name Lookups.
[    4.988897] systemd[1]: Reached target Swap.
[[0;32m  OK  [0m] Reached target Swap.
[    4.990737] systemd[1]: Reached target Encrypted Volumes.
[[0;32m  OK  [0m] Reached target Encrypted Volumes.
[    4.993061] systemd[1]: Reached target System Time Synchronized.
[[0;32m  OK  [0m] Reached target System Time Synchronized.
[    4.995489] systemd[1]: Set up automount Arbitrary Executable File Formats File System Automount Point.
[[0;32m  OK  [0m] Set up automount Arbitrary Executab...ats File System Automount Point.
[    4.999171] systemd[1]: Listening on Device-mapper event daemon FIFOs.
[[0;32m  OK  [0m] Listening on Device-mapper event daemon FIFOs.
[    5.001846] systemd[1]: Started Forward Password Requests to Wall Directory Watch.
[[0;32m  OK  [0m] Started Forward Password Requests to Wall Directory Watch.
[    5.004816] systemd[1]: Listening on udev Control Socket.
[[0;32m  OK  [0m] Listening on udev Control Socket.
[    5.007229] systemd[1]: Listening on Journal Socket.
[[0;32m  OK  [0m] Listening on Journal Socket.
[    5.009646] systemd[1]: Created slice System Slice.
[[0;32m  OK  [0m] Created slice System Slice.
[    5.018293] systemd[1]: Created slice system-serial\x2dgetty.slice.
[[0;32m  OK  [0m] Created slice system-serial\x2dgetty.slice.
[    5.033982] systemd[1]: Starting Remount Root and Kernel File Systems...
         Starting Remount Root and Kernel File Systems...
[    5.039082] systemd[1]: Starting Load Kernel Modules...
         Starting Load Kernel Modules...
[    5.042342] EXT4-fs (sda1): re-mounted. Opts: (null)
[    5.044744] systemd[1]: Starting Uncomplicated firewall...
         Starting Uncomplicated firewall...
[    5.047845] Loading iSCSI transport class v2.0-870.
[    5.053897] systemd[1]: Reached target Slices.
[[0;32m  OK  [0m] Reached target Slices.
    5.056013] iscsi: registered transport (tcp)
[    5.056771] systemd[1]: Starting Nameserver information manager...
         Starting Nameserver information manager...
[    5.061777] systemd[1]: Mounting Huge Pages File System...
         Mounting Huge Pages File System...
[    5.065064] systemd[1]: Starting Create list of required static device nodes for the current kernel...
         Starting Create list of required st... nodes for the current kernel...
[    5.069655] systemd[1]: Starting Monitoring of LVM2 mirrors, snapshots etc. using dmeventd or progress polling...
         Starting Monitoring of LVM2 mirrors... dmeventd or progress polling...
[    5.078059] systemd[1]: Mounting POSIX Message Queue File System...
         Mounting POSIX Message Queue File System...
[    5.081760] systemd[1]: Mounting Debug File System...
         Mounting Debug File System...
[    5.088017] systemd[1]: Starting Set console keymap...
         Starting Set console keymap...
[    5.098266] systemd[1]: Starting Journal Service...
         Starting Journal Service...
[    5.104935] systemd[1]: Mounted Huge Pages File System.
[[0;32m  OK  [0m] Mounted Huge Pages File System.
[    5.107576] systemd[1]: Mounted Debug File System.
[[0;32m  OK  [0m] Mounted Debug File System.
[    5.110775] systemd[1]: Mounted POSIX Message Queue File System.
[[0;32m  OK  [0m] Mounted POSIX Message Queue File System.
[    5.114477] systemd[1]: Started Remount Root and Kernel File Systems.
[[0;32m  OK  [0m] Started Remount Root and Kernel File Systems.
[    5.118428] systemd[1]: Started Uncomplicated firewall.
[[0;32m  OK  [0m] Started Uncomplicated firewall.
[    5.130319] systemd[1]: Started Create list of required static device nodes for the current kernel.
[[0;32m  OK  [0m] Started Create list of required sta...ce nodes for the current kernel.
[    5.134793] systemd[1]: Started Nameserver information manager.
[[0;32m  OK  [0m] Started Nameserver information manager.
[    5.139128] systemd[1]: Started Journal Service.
[[0;32m  OK  [0m] Started Journal Service.
[    5.169334] iscsi: registered transport (iser)
[[0;32m  OK  [0m] Started Load Kernel Modules.
         Starting Apply Kernel Variables...
         Mounting FUSE Control File System...
[[0;32m  OK  [0m] Started LVM2 metadata daemon.
         Starting Create Static Device Nodes in /dev...
         Starting Load/Save Random Seed...
         Starting udev Coldplug all Devices...
         Starting Flush Journal to Persistent Storage...
[[0;32m  OK  [0m] Mounted FUSE Control File System.
[[0;32m  OK  [0m] Started Apply Kernel Variables.
[[0;32m  OK  [0m] Started Create Static Device Nodes in /dev.
[[0;32m  OK  [0m] Started Set console keymap.
[[0;32m  OK  [0m] Started Load/Save Random Seed.
[[0;32m  OK  [0m] Started udev Coldplug all Devices.
[[0;32m  OK  [0m] Started Flush Journal to Persistent Storage.
         Starting udev Kernel Device Manager...
[[0;32m  OK  [0m] Started udev Kernel Device Manager.
[[0;32m  OK  [0m] Started Dispatch Password Requests to Console Directory Watch.
[[0;32m  OK  [0m] Started Monitoring of LVM2 mirrors,...ng dmeventd or progress polling.
[[0;32m  OK  [0m] Reached target Local File Systems (Pre).
[[0;32m  OK  [0m] Reached target Local File Systems.
         Starting Commit a transient machine-id on disk...
         Starting LSB: AppArmor initialization...
         Starting Tell Plymouth To Write Out Runtime Data...
         Starting Set console font and keymap...
         Starting Create Volatile Files and Directories...
         Starting Initial cloud-init job (pre-networking)...
[[0;32m  OK  [0m] Started Tell Plymouth To Write Out Runtime Data.
[[0;32m  OK  [0m] Started Create Volatile Files and Directories.
[[0;32m  OK  [0m] Started Commit a transient machine-id on disk.
         Starting Update UTMP about System Boot/Shutdown...
[[0;32m  OK  [0m] Started Update UTMP about System Boot/Shutdown.
[[0;32m  OK  [0m] Found device /dev/ttyS0.
[[0;32m  OK  [0m] Listening on Load/Save RF Kill Switch Status /dev/rfkill Watch.
[    6.935889] cloud-init[502]: Cloud-init v. 19.1-1-gbaa47854-0ubuntu1~16.04.1 running 'init-local' at Mon, 19 Aug 2019 10:20:10 +0000. Up 6.35 seconds.
[[0;32m  OK  [0m] Started Initial cloud-init job (pre-networking).
[[0;32m  OK  [0m] Reached target Network (Pre).
[[0;32m  OK  [0m] Started Set console font and keymap.
[[0;32m  OK  [0m] Created slice system-getty.slice.
[[0;32m  OK  [0m] Started LSB: AppArmor initialization.
         Starting Raise network interfaces...
[[0;32m  OK  [0m] Started Raise network interfaces.
         Starting Initial cloud-init job (metadata service crawler)...
[[0;32m  OK  [0m] Reached target Network.
[    9.130242] cloud-init[970]: Cloud-init v. 19.1-1-gbaa47854-0ubuntu1~16.04.1 running 'init' at Mon, 19 Aug 2019 10:20:12 +0000. Up 8.59 seconds.
[    9.132987] cloud-init[970]: ci-info: ++++++++++++++++++++++++++++++++++++++Net device info+++++++++++++++++++++++++++++++++++++++
[    9.136012] cloud-init[970]: ci-info: +--------+-------+----------------------------+---------------+--------+-------------------+
[    9.138626] cloud-init[970]: ci-info: | Device |   Up  |          Address           |      Mask     | Scope  |     Hw-Address    |
[    9.141205] cloud-init[970]: ci-info: +--------+-------+----------------------------+---------------+--------+-------------------+
[    9.143785] cloud-init[970]: ci-info: | enp0s3 |  True |         10.0.2.15          | 255.255.255.0 | global | 02:c2:66:bb:16:6d |
[    9.146397] cloud-init[970]: ci-info: | enp0s3 |  True | fe80::c2:66ff:febb:166d/64 |       .       |  link  | 02:c2:66:bb:16:6d |
[    9.149030] cloud-init[970]: ci-info: | enp0s8 | False |             .              |       .       |   .    | 08:00:27:a5:6d:c7 |
[    9.151717] cloud-init[970]: ci-info: |   lo   |  True |         127.0.0.1          |   255.0.0.0   |  host  |         .         |
[    9.154089] cloud-init[970]: ci-info: |   lo   |  True |          ::1/128           |       .       |  host  |         .         |
[    9.155825] cloud-init[970]: ci-info: +--------+-------+----------------------------+---------------+--------+-------------------+
[    9.157563] cloud-init[970]: ci-info: +++++++++++++++++++++++++++Route IPv4 info++++++++++++++++++++++++++++
[    9.159040] cloud-init[970]: ci-info: +-------+-------------+----------+---------------+-----------+-------+
[    9.160587] cloud-init[970]: ci-info: | Route | Destination | Gateway  |    Genmask    | Interface | Flags |
[    9.163491] cloud-init[970]: ci-info: +-------+-------------+----------+---------------+-----------+-------+
[    9.165783] cloud-init[970]: ci-info: |   0   |   0.0.0.0   | 10.0.2.2 |    0.0.0.0    |   enp0s3  |   UG  |
[    9.167445] cloud-init[970]: ci-info: |   1   |   10.0.2.0  | 0.0.0.0  | 255.255.255.0 |   enp0s3  |   U   |
[    9.169401] cloud-init[970]: ci-info: +-------+-------------+----------+---------------+-----------+-------+
[    9.176624] cloud-init[970]: ci-info: +++++++++++++++++++Route IPv6 info+++++++++++++++++++
[    9.178061] cloud-init[970]: ci-info: +-------+-------------+---------+-----------+-------+
[    9.179436] cloud-init[970]: ci-info: | Route | Destination | Gateway | Interface | Flags |
[    9.181161] cloud-init[970]: ci-info: +-------+-------------+---------+-----------+-------+
[    9.188597] cloud-init[970]: ci-info: |   0   |  fe80::/64  |    ::   |   enp0s3  |   U   |
[    9.196481] cloud-init[970]: ci-info: |   3   |   ff00::/8  |    ::   |   enp0s3  |   U   |
[    9.198017] cloud-init[970]: ci-info: +-------+-------------+---------+-----------+-------+
[    9.199499] cloud-init[970]: Generating public/private rsa key pair.
[    9.200866] cloud-init[970]: Your identification has been saved in /etc/ssh/ssh_host_rsa_key.
[    9.202145] cloud-init[970]: Your public key has been saved in /etc/ssh/ssh_host_rsa_key.pub.
[    9.203661] cloud-init[970]: The key fingerprint is:
[    9.204947] cloud-init[970]: SHA256:QNSq7c9ePyY/XI2Qg3Yo5yfIYwQBTRS212T8ySzoatQ root@ubuntu-xenial
[    9.206957] cloud-init[970]: The key's randomart image is:
[    9.208329] cloud-init[970]: +---[RSA 2048]----+
[    9.209435] cloud-init[970]: |    .*O+ .o      |
[    9.210523] cloud-init[970]: |     oo..+.      |
[    9.211693] cloud-init[970]: |      oo...* o   |
[    9.212869] cloud-init[970]: |      .o+ * X    |
[    9.214042] cloud-init[970]: |     o =S* o o o |
[    9.220290] cloud-init[970]: |    . o E o . o .|
[    9.220534] cloud-init[970]: |     o o ..+ .   |
[    9.221391] cloud-init[970]: |      +. ...=    |
[    9.222021] cloud-init[970]: |     . o+  +oo   |
[    9.222776] cloud-init[970]: +----[SHA256]-----+
[    9.223128] cloud-init[970]: Generating public/private dsa key pair.
[    9.223724] cloud-init[970]: Your identification has been saved in /etc/ssh/ssh_host_dsa_key.
[    9.224979] cloud-init[970]: Your public key has been saved in /etc/ssh/ssh_host_dsa_key.pub.
[    9.225707] cloud-init[970]: The key fingerprint is:
[    9.226108] cloud-init[970]: SHA256:xYJjZrM6fyPeJL6+Qv6v3MO6w4RdG/zUO4bV9TX1C90 root@ubuntu-xenial
[    9.226397] cloud-init[970]: The key's randomart image is:
[[0;32m  OK  [0m] Started Initial cloud-init job (metadata service crawler).
[    9.226943] cloud-init[970]: +---[DSA 1024]----+
[    9.232288] cloud-init[970]: |                o|
[    9.233725] cloud-init[970]: |       . .    ..=|
[    9.234781] cloud-init[970]: |      B.. o. o oE|
[    9.235810] cloud-init[970]: |     + ++o. o o o|
[    9.236822] cloud-init[970]: |     o..S= o . . |
[    9.238294] cloud-init[970]: |    o.o . o +    |
[    9.238597] cloud-init[970]: |   ooo...  . .   |
[    9.239612] cloud-init[970]: |    o=+==        |
[    9.240501] cloud-init[970]: |     =&@+o       |
[    9.240693] cloud-init[970]: +----[SHA256]-----+
[    9.242630] cloud-init[970]: Generating public/private ecdsa key pair.
[    9.244658] cloud-init[970]: Your identification has been saved in /etc/ssh/ssh_host_ecdsa_key.
[    9.245303] cloud-init[970]: Your public key has been saved in /etc/ssh/ssh_host_ecdsa_key.pub.
[    9.246002] cloud-init[970]: The key fingerprint is:
[    9.246504] cloud-init[970]: SHA256:h8WE0LCamo17eN/mOp3387zMVIZ44ZlHHWIPWHZjNT8 root@ubuntu-xenial
[    9.247051] cloud-init[970]: The key's randomart image is:
[    9.248000] cloud-init[970]: +---[ECDSA 256]---+
[    9.248367] cloud-init[970]: |      o+ .. o* *o|
[    9.248858] cloud-init[970]: |       .oo .o * *|
[    9.249458] cloud-init[970]: |      .   o   .E+|
[    9.250041] cloud-init[970]: |     o   o   o *.|
[    9.250771] cloud-init[970]: |    o   S . . * +|
[    9.251342] cloud-init[970]: |   =     .   . + |
[    9.251681] cloud-init[970]: |  +..  . .    .  |
[    9.251903] cloud-init[970]: |  ..o ..+ . .=   |
[    9.252074] cloud-init[970]: |  .o .o=o. ..o*. |
[    9.252519] cloud-init[970]: +----[SHA256]-----+
[    9.253028] cloud-init[970]: Generating public/private ed25519 key pair.
[    9.253525] cloud-init[970]: Your identification has been saved in /etc/ssh/ssh_host_ed25519_key.
[    9.254067] cloud-init[970]: Your public key has been saved in /etc/ssh/ssh_host_ed25519_key.pub.
[    9.254909] cloud-init[970]: The key fingerprint is:
[    9.255859] cloud-init[970]: SHA256:WOfGKrZoHbEWcdZTgrjER/Zwd/nhXV5oXy8Gj5GScdI root@ubuntu-xenial
[    9.256346] cloud-init[970]: The key's randomart image is:
[    9.257055] cloud-init[970]: +--[ED25519 256]--+
[    9.257833] cloud-init[970]: |     . o+o==+..o |
[    9.258437] cloud-init[970]: |      =.=+==E.+.+|
[    9.258667] cloud-init[970]: |     . *. oo *.+B|
[    9.259308] cloud-init[970]: |      +o +  . +.*|
[    9.259845] cloud-init[970]: |      .+S +  . . |
[    9.260439] cloud-init[970]: |      +  o       |
[    9.260924] cloud-init[970]: |     oo..        |
[    9.261448] cloud-init[970]: |    .o.o         |
[    9.261972] cloud-init[970]: |   .. .          |
[    9.262751] cloud-init[970]: +----[SHA256]-----+
[[0;32m  OK  [0m] Reached target System Initialization.
[[0;32m  OK  [0m] Listening on UUID daemon activation socket.
[[0;32m  OK  [0m] Started ACPI Events Check.
[[0;32m  OK  [0m] Reached target Paths.
[[0;32m  OK  [0m] Listening on D-Bus System Message Bus Socket.
         Starting LXD - unix socket.
[[0;32m  OK  [0m] Listening on ACPID Listen Socket.
         Starting Socket activation for snappy daemon.
[[0;32m  OK  [0m] Started Daily apt download activities.
[[0;32m  OK  [0m] Started Daily apt upgrade and clean activities.
[[0;32m  OK  [0m] Started Daily Cleanup of Temporary Directories.
[[0;32m  OK  [0m] Reached target Timers.
[[0;32m  OK  [0m] Reached target Network is Online.
         Starting iSCSI initiator daemon (iscsid)...
[[0;32m  OK  [0m] Reached target Cloud-config availability.
[[0;32m  OK  [0m] Listening on LXD - unix socket.
[[0;32m  OK  [0m] Listening on Socket activation for snappy daemon.
[[0;32m  OK  [0m] Reached target Sockets.
[[0;32m  OK  [0m] Reached target Basic System.
         Starting LSB: Record successful boot for GRUB...
         Starting Login Service...
[[0;32m  OK  [0m] Started Regular background program processing daemon.
[[0;32m  OK  [0m] Started D-Bus System Message Bus.
         Starting Accounts Service...
         Starting /etc/rc.local Compatibility...
         Starting Virtualbox guest utils...
         Starting System Logging Service...
[[0;32m  OK  [0m] Started ACPI event daemon.
[[0;32m  OK  [0m] Started FUSE filesystem for LXC.
[[0;32m  OK  [0m] Started Deferred execution scheduler.
         Starting Snappy daemon...
         Starting Pollinate to seed the pseudo random number generator...
         Starting LSB: MD monitoring daemon...
         Starting LXD - container startup/shutdown...
[[0;32m  OK  [0m] Started /etc/rc.local Compatibility.
[[0;32m  OK  [0m] Started iSCSI initiator daemon (iscsid).
[[0;32m  OK  [0m] Started System Logging Service.
[[0;32m  OK  [0m] Started LSB: Record successful boot for GRUB.
[[0;32m  OK  [0m] Started Login Service.
[[0;32m  OK  [0m] Started Unattended Upgrades Shutdown.
         Starting Authenticate and Authorize Users to Run Privileged Tasks...
         Starting Login to default iSCSI targets...
[[0;32m  OK  [0m] Started LSB: MD monitoring daemon.
[[0;32m  OK  [0m] Started Login to default iSCSI targets.
[[0;32m  OK  [0m] Started Authenticate and Authorize Users to Run Privileged Tasks.
[[0;32m  OK  [0m] Reached target Remote File Systems (Pre).
[[0;32m  OK  [0m] Reached target Remote File Systems.
         Starting LSB: Set the CPU Frequency Scaling governor to "ondemand"...
         Starting LSB: automatic crash report generation...
         Starting Permit User Sessions...
         Starting LSB: daemon to balance interrupts for SMP systems...
[[0;32m  OK  [0m] Started Accounts Service.
[[0;32m  OK  [0m] Started Permit User Sessions.
         Starting Hold until boot process finishes up...
         Starting Terminate Plymouth Boot Screen...
[[0;32m  OK  [0m] Started Hold until boot process finishes up.
[[0;32m  OK  [0m] Started Serial Getty on ttyS0.
[[0;32m  OK  [0m] Started Getty on tty1.
[[0;32m  OK  [0m] Reached target Login Prompts.
         Starting Set console scheme...
[[0;32m  OK  [0m] Started LSB: Set the CPU Frequency Scaling governor to "ondemand".
[[0;32m  OK  [0m] Started LSB: automatic crash report generation.
[[0;32m  OK  [0m] Started Terminate Plymouth Boot Screen.
[[0;32m  OK  [0m] Started LSB: daemon to balance interrupts for SMP systems.
[[0;32m  OK  [0m] Started Set console scheme.
[[0;32m  OK  [0m] Started LXD - container startup/shutdown.
[[0;32m  OK  [0m] Started Virtualbox guest utils.
[[0;32m  OK  [0m] Started Pollinate to seed the pseudo random number generator.
         Starting OpenBSD Secure Shell server...
[[0;32m  OK  [0m] Started Snappy daemon.
         Starting Wait until snapd is fully seeded...
[[0;32m  OK  [0m] Started OpenBSD Secure Shell server.
[[0;32m  OK  [0m] Started Wait until snapd is fully seeded.
[[0;32m  OK  [0m] Reached target Multi-User System.
[[0;32m  OK  [0m] Reached target Graphical Interface.
         Starting Update UTMP about System Runlevel Changes...
         Starting Apply the settings specified in cloud-config...
[[0;32m  OK  [0m] Started Update UTMP about System Runlevel Changes.
[   11.180682] cloud-init[1328]: Generating locales (this might take a while)...
[[0;32m  OK  [0m] Created slice User Slice of vagrant.
         Starting User Manager for UID 1000...
[[0;32m  OK  [0m] Started Session 1 of user vagrant.
[[0;32m  OK  [0m] Started User Manager for UID 1000.
[   12.369810] cloud-init[1328]:   en_US.UTF-8... done
[   12.371019] cloud-init[1328]: Generation complete.
[   12.790836] cloud-init[1328]: Cloud-init v. 19.1-1-gbaa47854-0ubuntu1~16.04.1 running 'modules:config' at Mon, 19 Aug 2019 10:20:14 +0000. Up 11.04 seconds.
[[0;32m  OK  [0m] Started Apply the settings specified in cloud-config.
         Starting Execute cloud user/final scripts...
ci-info: no authorized ssh keys fingerprints found for user ubuntu.
<14>Aug 19 10:20:17 ec2: 
<14>Aug 19 10:20:17 ec2: #############################################################
<14>Aug 19 10:20:17 ec2: -----BEGIN SSH HOST KEY FINGERPRINTS-----
<14>Aug 19 10:20:17 ec2: 1024 SHA256:xYJjZrM6fyPeJL6+Qv6v3MO6w4RdG/zUO4bV9TX1C90 root@ubuntu-xenial (DSA)
<14>Aug 19 10:20:17 ec2: 256 SHA256:h8WE0LCamo17eN/mOp3387zMVIZ44ZlHHWIPWHZjNT8 root@ubuntu-xenial (ECDSA)
<14>Aug 19 10:20:17 ec2: 256 SHA256:WOfGKrZoHbEWcdZTgrjER/Zwd/nhXV5oXy8Gj5GScdI root@ubuntu-xenial (ED25519)
<14>Aug 19 10:20:17 ec2: 2048 SHA256:QNSq7c9ePyY/XI2Qg3Yo5yfIYwQBTRS212T8ySzoatQ root@ubuntu-xenial (RSA)
<14>Aug 19 10:20:17 ec2: -----END SSH HOST KEY FINGERPRINTS-----
<14>Aug 19 10:20:17 ec2: #############################################################
-----BEGIN SSH HOST KEY KEYS-----
ecdsa-sha2-nistp256 AAAAE2VjZHNhLXNoYTItbmlzdHAyNTYAAAAIbmlzdHAyNTYAAABBBHjLzpUZypkqAeBE7lNkcswqKvlIz3s09AnCvwyBSh16sNB+YeQO8lEcPGOx+sYzSx9BlsCxbczS0jCWY9hbLJM= root@ubuntu-xenial
ssh-ed25519 AAAAC3NzaC1lZDI1NTE5AAAAIKmlEiIJ2phDmi6cNTHbdMz3IneXszBVz/+o54XPM+sX root@ubuntu-xenial
ssh-rsa AAAAB3NzaC1yc2EAAAADAQABAAABAQC6tFmx0g5AeKBowfgui8kTgVUpBASRaV45xNPJqOAKm5sUfj317Mr0bDQRzJy9ofp7yT5iSbXEeyVO8b1LQbJceib+CSX1KYH/rsGQAFUfDRlpQA7zyHZdHdcwth4XzegALp1A2G9CqsZVywgevwzAZIcwZXkL8j0DbgHoWPvoigJjf+WgCYyY8/krbwrP8sDpPTlZ0gxBaEM9/kHmT7+EME7ZW29vu+x1ynihnZTnKLt9zMzL3KdqCFxi/WmlmFNh+rPGAUk0uBwHO4y74BXU8/FIwim/ZcQii5yhoURrL0ex945FpWE+SD2Ivu13Ad6/RkUQvIuhL5qPDabXJVJV root@ubuntu-xenial
-----END SSH HOST KEY KEYS-----
[   13.664206] cloud-init[1437]: Cloud-init v. 19.1-1-gbaa47854-0ubuntu1~16.04.1 running 'modules:final' at Mon, 19 Aug 2019 10:20:17 +0000. Up 13.46 seconds.
[   13.667600] cloud-init[1437]: ci-info: no authorized ssh keys fingerprints found for user ubuntu.
[   13.669760] cloud-init[1437]: Cloud-init v. 19.1-1-gbaa47854-0ubuntu1~16.04.1 finished at Mon, 19 Aug 2019 10:20:17 +0000. Datasource DataSourceNoCloud [seed=/dev/sdb][dsmode=net].  Up 13.65 seconds
[[0;32m  OK  [0m] Started Execute cloud user/final scripts.
[[0;32m  OK  [0m] Reached target Cloud-init target.

Ubuntu 16.04.6 LTS ubuntu-xenial ttyS0

ubuntu-xenial login: 